docker :  Image lokal_app-backend Building 
At line:1 char:1
+ docker compose --progress=plain build --no-cache backend 2>&1 | Out-F ...
+ ~~~~~~~~~~~~~~~~~~~~~~~~~~~~~~~~~~~~~~~~~~~~~~~~~~~~~~~~~~~~~
    + CategoryInfo          : NotSpecified: ( Image lokal_app-backend Building 
    :String) [], RemoteException
    + FullyQualifiedErrorId : NativeCommandError
 
#1 [internal] load local bake definitions
#1 reading from stdin 611B done
#1 DONE 0.0s

#2 [internal] load build definition from Dockerfile
#2 transferring dockerfile: 2.63kB 0.0s done
#2 DONE 0.0s

#3 [internal] load metadata for docker.io/library/php:8.1-fpm-alpine
#3 DONE 1.3s

#4 [internal] load .dockerignore
#4 transferring context: 327B 0.0s done
#4 DONE 0.0s

#5 [internal] load build context
#5 DONE 0.0s

#6 [builder 1/8] FROM docker.io/library/php:8.1-fpm-alpine@sha256:a84e0422af72d9a60a8f73756b622bcd37c5a8f85609e43e0a6e16c0a1a7820e
#6 resolve docker.io/library/php:8.1-fpm-alpine@sha256:a84e0422af72d9a60a8f73756b622bcd37c5a8f85609e43e0a6e16c0a1a7820e 0.0s done
#6 CACHED

#5 [internal] load build context
#5 transferring context: 9.44kB 0.0s done
#5 DONE 0.1s

#7 [builder 2/8] RUN apk add --no-cache     curl     git     zip
#7 0.497 fetch https://dl-cdn.alpinelinux.org/alpine/v3.21/main/x86_64/APKINDEX.tar.gz
#7 0.977 fetch https://dl-cdn.alpinelinux.org/alpine/v3.21/community/x86_64/APKINDEX.tar.gz
#7 2.038 (1/6) Installing libexpat (2.7.5-r0)
#7 2.094 (2/6) Installing pcre2 (10.43-r0)
#7 2.375 (3/6) Installing git (2.47.3-r0)
#7 ...

#8 [stage-1  2/15] RUN apk add --no-cache     curl
#8 0.497 fetch https://dl-cdn.alpinelinux.org/alpine/v3.21/main/x86_64/APKINDEX.tar.gz
#8 1.556 fetch https://dl-cdn.alpinelinux.org/alpine/v3.21/community/x86_64/APKINDEX.tar.gz
#8 2.912 OK: 19 MiB in 40 packages
#8 DONE 3.1s

#9 [stage-1  3/15] RUN apk add --no-cache --virtual .build-deps     autoconf 		dpkg-dev dpkg 		file 		g++ 		gcc 		libc-dev 		make 		pkgconf 		re2c     libtool     pkgconfig     libzip-dev     zlib-dev     libxml2-dev     mariadb-dev
#9 0.360 fetch https://dl-cdn.alpinelinux.org/alpine/v3.21/main/x86_64/APKINDEX.tar.gz
#9 0.868 fetch https://dl-cdn.alpinelinux.org/alpine/v3.21/community/x86_64/APKINDEX.tar.gz
#9 9.195 (1/56) Upgrading musl (1.2.5-r9 -> 1.2.5-r11)
#9 10.75 (2/56) Installing m4 (1.4.19-r3)
#9 ...

#7 [builder 2/8] RUN apk add --no-cache     curl     git     zip
#7 14.08 (4/6) Installing git-init-template (2.47.3-r0)
#7 14.13 (5/6) Installing unzip (6.0-r15)
#7 14.48 (6/6) Installing zip (3.0-r13)
#7 15.08 Executing busybox-1.37.0-r13.trigger
#7 15.11 OK: 27 MiB in 46 packages
#7 DONE 15.3s

#9 [stage-1  3/15] RUN apk add --no-cache --virtual .build-deps     autoconf 		dpkg-dev dpkg 		file 		g++ 		gcc 		libc-dev 		make 		pkgconf 		re2c     libtool     pkgconfig     libzip-dev     zlib-dev     libxml2-dev     mariadb-dev
#9 11.06 (3/56) Installing libbz2 (1.0.8-r6)
#9 11.18 (4/56) Upgrading zlib (1.3.1-r2 -> 1.3.2-r0)
#9 11.42 (5/56) Installing perl (5.40.4-r0)
#9 ...

#10 [builder 3/8] RUN apk add --no-cache --virtual .build-deps     autoconf 		dpkg-dev dpkg 		file 		g++ 		gcc 		libc-dev 		make 		pkgconf 		re2c     build-base     autoconf     libtool     pkgconfig     libzip-dev     zlib-dev     libxml2-dev     openssl-dev     mariadb-dev
#10 0.386 fetch https://dl-cdn.alpinelinux.org/alpine/v3.21/main/x86_64/APKINDEX.tar.gz
#10 0.727 fetch https://dl-cdn.alpinelinux.org/alpine/v3.21/community/x86_64/APKINDEX.tar.gz
#10 1.666 (1/61) Upgrading musl (1.2.5-r9 -> 1.2.5-r11)
#10 1.764 (2/61) Installing m4 (1.4.19-r3)
#10 1.821 (3/61) Installing libbz2 (1.0.8-r6)
#10 1.868 (4/61) Upgrading zlib (1.3.1-r2 -> 1.3.2-r0)
#10 1.946 (5/61) Installing perl (5.40.4-r0)
#10 10.37 (6/61) Installing autoconf (2.72-r0)
#10 10.98 (7/61) Installing pkgconf (2.3.0-r0)
#10 11.06 (8/61) Installing dpkg-dev (1.22.11-r0)
#10 11.48 (9/61) Upgrading xz-libs (5.6.3-r1 -> 5.8.3-r0)
#10 11.62 (10/61) Upgrading xz (5.6.3-r1 -> 5.8.3-r0)
#10 11.72 (11/61) Installing libmd (1.1.0-r0)
#10 11.77 (12/61) Installing dpkg (1.22.11-r0)
#10 12.40 (13/61) Installing libmagic (5.46-r2)
#10 13.06 (14/61) Installing file (5.46-r2)
#10 13.13 (15/61) Installing libstdc++ (14.2.0-r4)
#10 ...

#9 [stage-1  3/15] RUN apk add --no-cache --virtual .build-deps     autoconf 		dpkg-dev dpkg 		file 		g++ 		gcc 		libc-dev 		make 		pkgconf 		re2c     libtool     pkgconfig     libzip-dev     zlib-dev     libxml2-dev     mariadb-dev
#9 25.45 (6/56) Installing autoconf (2.72-r0)
#9 25.87 (7/56) Installing pkgconf (2.3.0-r0)
#9 25.99 (8/56) Installing dpkg-dev (1.22.11-r0)
#9 26.31 (9/56) Upgrading xz-libs (5.6.3-r1 -> 5.8.3-r0)
#9 26.40 (10/56) Upgrading xz (5.6.3-r1 -> 5.8.3-r0)
#9 26.48 (11/56) Installing libmd (1.1.0-r0)
#9 26.52 (12/56) Installing dpkg (1.22.11-r0)
#9 26.98 (13/56) Installing libmagic (5.46-r2)
#9 27.71 (14/56) Installing file (5.46-r2)
#9 27.82 (15/56) Installing libstdc++ (14.2.0-r4)
#9 28.67 (16/56) Installing libstdc++-dev (14.2.0-r4)
#9 ...

#10 [builder 3/8] RUN apk add --no-cache --virtual .build-deps     autoconf 		dpkg-dev dpkg 		file 		g++ 		gcc 		libc-dev 		make 		pkgconf 		re2c     build-base     autoconf     libtool     pkgconfig     libzip-dev     zlib-dev     libxml2-dev     openssl-dev     mariadb-dev
#10 14.01 (16/61) Installing libstdc++-dev (14.2.0-r4)
#10 21.01 (17/61) Installing jansson (2.14-r4)
#10 21.13 (18/61) Installing binutils (2.43.1-r3)
#10 ...

#9 [stage-1  3/15] RUN apk add --no-cache --virtual .build-deps     autoconf 		dpkg-dev dpkg 		file 		g++ 		gcc 		libc-dev 		make 		pkgconf 		re2c     libtool     pkgconfig     libzip-dev     zlib-dev     libxml2-dev     mariadb-dev
#9 38.14 (17/56) Installing jansson (2.14-r4)
#9 38.25 (18/56) Installing binutils (2.43.1-r3)
#9 44.20 (19/56) Installing libgomp (14.2.0-r4)
#9 44.56 (20/56) Installing libatomic (14.2.0-r4)
#9 44.62 (21/56) Installing gmp (6.3.0-r2)
#9 45.08 (22/56) Installing isl26 (0.26-r1)
#9 46.12 (23/56) Installing mpfr4 (4.2.1-r0)
#9 46.44 (24/56) Installing mpc1 (1.3.1-r1)
#9 46.56 (25/56) Installing gcc (14.2.0-r4)
#9 ...

#10 [builder 3/8] RUN apk add --no-cache --virtual .build-deps     autoconf 		dpkg-dev dpkg 		file 		g++ 		gcc 		libc-dev 		make 		pkgconf 		re2c     build-base     autoconf     libtool     pkgconfig     libzip-dev     zlib-dev     libxml2-dev     openssl-dev     mariadb-dev
#10 26.93 (19/61) Installing libgomp (14.2.0-r4)
#10 27.31 (20/61) Installing libatomic (14.2.0-r4)
#10 27.36 (21/61) Installing gmp (6.3.0-r2)
#10 27.85 (22/61) Installing isl26 (0.26-r1)
#10 30.19 (23/61) Installing mpfr4 (4.2.1-r0)
#10 30.76 (24/61) Installing mpc1 (1.3.1-r1)
#10 30.85 (25/61) Installing gcc (14.2.0-r4)
#10 130.4 (26/61) Installing musl-dev (1.2.5-r11)
#10 ...

#9 [stage-1  3/15] RUN apk add --no-cache --virtual .build-deps     autoconf 		dpkg-dev dpkg 		file 		g++ 		gcc 		libc-dev 		make 		pkgconf 		re2c     libtool     pkgconfig     libzip-dev     zlib-dev     libxml2-dev     mariadb-dev
#9 146.1 (26/56) Installing musl-dev (1.2.5-r11)
#9 151.4 (27/56) Installing g++ (14.2.0-r4)
#9 ...

#10 [builder 3/8] RUN apk add --no-cache --virtual .build-deps     autoconf 		dpkg-dev dpkg 		file 		g++ 		gcc 		libc-dev 		make 		pkgconf 		re2c     build-base     autoconf     libtool     pkgconfig     libzip-dev     zlib-dev     libxml2-dev     openssl-dev     mariadb-dev
#10 133.8 (27/61) Installing g++ (14.2.0-r4)
#10 161.0 (28/61) Installing make (4.4.1-r2)
#10 161.3 (29/61) Installing re2c (3.1-r0)
#10 162.8 (30/61) Installing fortify-headers (1.1-r5)
#10 163.0 (31/61) Installing patch (2.7.6-r10)
#10 163.3 (32/61) Installing build-base (0.5-r3)
#10 163.3 (33/61) Installing libltdl (2.4.7-r3)
#10 163.4 (34/61) Installing libtool (2.4.7-r3)
#10 164.7 (35/61) Upgrading libcrypto3 (3.3.5-r0 -> 3.3.7-r0)
#10 166.6 (36/61) Installing libzip (1.11.2-r0)
#10 166.7 (37/61) Installing libzip-tools (1.11.2-r0)
#10 166.7 (38/61) Installing bzip2-dev (1.0.8-r6)
#10 166.8 (39/61) Installing xz-dev (5.8.3-r0)
#10 166.9 (40/61) Installing zlib-dev (1.3.2-r0)
#10 167.0 (41/61) Installing zstd (1.5.6-r2)
#10 167.2 (42/61) Installing zstd-dev (1.5.6-r2)
#10 167.3 (43/61) Installing libzip-dev (1.11.2-r0)
#10 167.4 (44/61) Upgrading libxml2 (2.13.9-r0 -> 2.13.9-r1)
#10 ...

#9 [stage-1  3/15] RUN apk add --no-cache --virtual .build-deps     autoconf 		dpkg-dev dpkg 		file 		g++ 		gcc 		libc-dev 		make 		pkgconf 		re2c     libtool     pkgconfig     libzip-dev     zlib-dev     libxml2-dev     mariadb-dev
#9 179.7 (28/56) Installing make (4.4.1-r2)
#9 179.8 (29/56) Installing re2c (3.1-r0)
#9 180.3 (30/56) Installing libltdl (2.4.7-r3)
#9 180.4 (31/56) Installing libtool (2.4.7-r3)
#9 181.1 (32/56) Upgrading libcrypto3 (3.3.5-r0 -> 3.3.7-r0)
#9 184.5 (33/56) Installing libzip (1.11.2-r0)
#9 184.6 (34/56) Installing libzip-tools (1.11.2-r0)
#9 184.7 (35/56) Installing bzip2-dev (1.0.8-r6)
#9 184.7 (36/56) Installing xz-dev (5.8.3-r0)
#9 184.8 (37/56) Installing zlib-dev (1.3.2-r0)
#9 184.9 (38/56) Installing zstd (1.5.6-r2)
#9 185.2 (39/56) Installing zstd-dev (1.5.6-r2)
#9 185.3 (40/56) Installing libzip-dev (1.11.2-r0)
#9 185.3 (41/56) Upgrading libxml2 (2.13.9-r0 -> 2.13.9-r1)
#9 186.0 (42/56) Installing libxml2-utils (2.13.9-r1)
#9 186.1 (43/56) Installing libxml2-dev (2.13.9-r1)
#9 186.3 (44/56) Installing fmt (10.2.1-r2)
#9 186.4 (45/56) Installing fmt-dev (10.2.1-r2)
#9 186.8 (46/56) Upgrading libssl3 (3.3.5-r0 -> 3.3.7-r0)
#9 187.5 (47/56) Installing openssl-dev (3.3.7-r0)
#9 188.4 (48/56) Installing mariadb-connector-c (3.3.10-r0)
#9 188.7 (49/56) Installing mariadb-connector-c-dev (3.3.10-r0)
#9 188.8 (50/56) Installing mariadb-common (11.4.12-r0)
#9 189.5 (51/56) Installing libaio (0.3.113-r2)
#9 189.6 (52/56) Installing pcre2 (10.43-r0)
#9 189.9 (53/56) Installing mariadb-embedded (11.4.12-r0)
#9 ...

#10 [builder 3/8] RUN apk add --no-cache --virtual .build-deps     autoconf 		dpkg-dev dpkg 		file 		g++ 		gcc 		libc-dev 		make 		pkgconf 		re2c     build-base     autoconf     libtool     pkgconfig     libzip-dev     zlib-dev     libxml2-dev     openssl-dev     mariadb-dev
#10 168.0 (45/61) Installing libxml2-utils (2.13.9-r1)
#10 168.1 (46/61) Installing libxml2-dev (2.13.9-r1)
#10 168.3 (47/61) Upgrading libssl3 (3.3.5-r0 -> 3.3.7-r0)
#10 168.7 (48/61) Installing openssl-dev (3.3.7-r0)
#10 169.4 (49/61) Installing fmt (10.2.1-r2)
#10 169.5 (50/61) Installing fmt-dev (10.2.1-r2)
#10 169.7 (51/61) Installing mariadb-connector-c (3.3.10-r0)
#10 169.8 (52/61) Installing mariadb-connector-c-dev (3.3.10-r0)
#10 169.9 (53/61) Installing mariadb-common (11.4.12-r0)
#10 170.5 (54/61) Installing libaio (0.3.113-r2)
#10 170.5 (55/61) Installing mariadb-embedded (11.4.12-r0)
#10 179.7 (56/61) Installing mariadb-dev (11.4.12-r0)
#10 181.5 (57/61) Installing .build-deps (20260611.214150)
#10 181.5 (58/61) Installing perl-error (0.17029-r2)
#10 181.6 (59/61) Installing perl-git (2.47.3-r0)
#10 181.7 (60/61) Installing git-perl (2.47.3-r0)
#10 181.8 (61/61) Upgrading openssl (3.3.5-r0 -> 3.3.7-r0)
#10 182.1 Executing busybox-1.37.0-r13.trigger
#10 182.2 Executing ca-certificates-20250911-r0.trigger
#10 182.3 OK: 341 MiB in 99 packages
#10 DONE 183.2s

#9 [stage-1  3/15] RUN apk add --no-cache --virtual .build-deps     autoconf 		dpkg-dev dpkg 		file 		g++ 		gcc 		libc-dev 		make 		pkgconf 		re2c     libtool     pkgconfig     libzip-dev     zlib-dev     libxml2-dev     mariadb-dev
#9 ...

#11 [builder 4/8] RUN docker-php-ext-configure zip --with-libzip &&     docker-php-ext-install         zip         pdo         pdo_mysql         bcmath         ctype         dom         fileinfo         session         xml &&     apk del .build-deps
#11 ...

#9 [stage-1  3/15] RUN apk add --no-cache --virtual .build-deps     autoconf 		dpkg-dev dpkg 		file 		g++ 		gcc 		libc-dev 		make 		pkgconf 		re2c     libtool     pkgconfig     libzip-dev     zlib-dev     libxml2-dev     mariadb-dev
#9 198.4 (54/56) Installing mariadb-dev (11.4.12-r0)
#9 201.2 (55/56) Installing .build-deps (20260611.214145)
#9 201.2 (56/56) Upgrading openssl (3.3.5-r0 -> 3.3.7-r0)
#9 201.9 Executing busybox-1.37.0-r13.trigger
#9 201.9 Executing ca-certificates-20250911-r0.trigger
#9 202.1 OK: 334 MiB in 88 packages
#9 DONE 203.5s

#11 [builder 4/8] RUN docker-php-ext-configure zip --with-libzip &&     docker-php-ext-install         zip         pdo         pdo_mysql         bcmath         ctype         dom         fileinfo         session         xml &&     apk del .build-deps
#11 7.779 fetch https://dl-cdn.alpinelinux.org/alpine/v3.21/main/x86_64/APKINDEX.tar.gz
#11 8.747 fetch https://dl-cdn.alpinelinux.org/alpine/v3.21/community/x86_64/APKINDEX.tar.gz
#11 10.21 (1/1) Installing .phpize-deps-configure (20260611.214502)
#11 10.21 OK: 341 MiB in 100 packages
#11 10.48 Configuring for:
#11 10.48 PHP Api Version:         20210902
#11 10.48 Zend Module Api No:      20210902
#11 10.48 Zend Extension Api No:   420210902
#11 12.02 configure: error: unrecognized options: --with-libzip
#11 ERROR: process "/bin/sh -c docker-php-ext-configure zip --with-libzip &&     docker-php-ext-install         zip         pdo         pdo_mysql         bcmath         ctype         dom         fileinfo         session         xml &&     apk del .build-deps" did not complete successfully: exit code: 1

#12 [stage-1  4/15] RUN apk add --no-cache     libzip     zlib     libxml2     nginx     supervisor     curl
#12 0.904 fetch https://dl-cdn.alpinelinux.org/alpine/v3.21/main/x86_64/APKINDEX.tar.gz
#12 1.316 fetch https://dl-cdn.alpinelinux.org/alpine/v3.21/community/x86_64/APKINDEX.tar.gz
#12 2.677 (1/19) Installing pcre (8.45-r3)
#12 2.796 (2/19) Installing nginx (1.26.3-r0)
#12 2.940 Executing nginx-1.26.3-r0.pre-install
#12 3.092 Executing nginx-1.26.3-r0.post-install
#12 3.103 (3/19) Installing libexpat (2.7.5-r0)
#12 3.166 (4/19) Installing libffi (3.4.7-r0)
#12 3.243 (5/19) Installing gdbm (1.24-r0)
#12 3.290 (6/19) Installing mpdecimal (4.0.0-r0)
#12 3.357 (7/19) Installing libpanelw (6.5_p20241006-r3)
#12 3.394 (8/19) Installing python3 (3.12.13-r0)
#12 CANCELED
------
 > [builder 4/8] RUN docker-php-ext-configure zip --with-libzip &&     docker-php-ext-install         zip         pdo         pdo_mysql         bcmath         ctype         dom         fileinfo         session         xml &&     apk del .build-deps:
7.779 fetch https://dl-cdn.alpinelinux.org/alpine/v3.21/main/x86_64/APKINDEX.tar.gz
8.747 fetch https://dl-cdn.alpinelinux.org/alpine/v3.21/community/x86_64/APKINDEX.tar.gz
10.21 (1/1) Installing .phpize-deps-configure (20260611.214502)
10.21 OK: 341 MiB in 100 packages
10.48 Configuring for:
10.48 PHP Api Version:         20210902
10.48 Zend Module Api No:      20210902
10.48 Zend Extension Api No:   420210902
12.02 configure: error: unrecognized options: --with-libzip
------
Dockerfile:21

--------------------

  20 |     

  21 | >>> RUN docker-php-ext-configure zip --with-libzip && \

  22 | >>>     docker-php-ext-install \

  23 | >>>         zip \

  24 | >>>         pdo \

  25 | >>>         pdo_mysql \

  26 | >>>         bcmath \

  27 | >>>         ctype \

  28 | >>>         dom \

  29 | >>>         fileinfo \

  30 | >>>         session \

  31 | >>>         xml && \

  32 | >>>     apk del .build-deps

  33 |     

--------------------

failed to solve: process "/bin/sh -c docker-php-ext-configure zip 
--with-libzip &&     docker-php-ext-install         zip         pdo         
pdo_mysql         bcmath         ctype         dom         fileinfo         
session         xml &&     apk del .build-deps" did not complete successfully: 
exit code: 1



View build details: 
docker-desktop://dashboard/build/default/default/w2ra62noguqj0socc61hc17mg

